(WorkerDict pid=704, 
ip=10.127.40.26) all_param_names:['decoder.layers.0.self_attention.linear_proj.weight', 
'decoder.layers.0.self_attention.linear_q_down_proj.weight', 

'decoder.layers.0.self_attention.linear_q_up_proj.layer_norm_weight', 
'decoder.layers.0.self_attention.linear_q_up_proj.weight', 
'decoder.layers.0.self_attention.linear_kv_down_proj.weight', 
'decoder.layers.0.self_attention.linear_kv_up_proj.layer_norm_weight', 
'decoder.layers.0.self_attention.linear_kv_up_proj.weight', 
'decoder.layers.0.mlp.router.weight', 
'decoder.layers.0.mlp.router.expert_bias', 
'decoder.layers.0.mlp.experts.linear_fc1.weight0', 
'decoder.layers.0.mlp.experts.linear_fc1.weight1', 
'decoder.layers.0.mlp.experts.linear_fc1.weight2', 
'decoder.layers.0.mlp.experts.linear_fc1.weight3', 
'decoder.layers.0.mlp.experts.linear_fc1.weight4', 
'decoder.layers.0.mlp.experts.linear_fc1.weight5', 
'decoder.layers.0.mlp.experts.linear_fc1.weight6', 
'decoder.layers.0.mlp.experts.linear_fc1.weight7', 
'decoder.layers.0.mlp.experts.linear_fc2.weight0', 
'decoder.layers.0.mlp.experts.linear_fc2.weight1', 
'decoder.layers.0.mlp.experts.linear_fc2.weight2', 
'decoder.layers.0.mlp.experts.linear_fc2.weight3', 
'decoder.layers.0.mlp.experts.linear_fc2.weight4', 
'decoder.layers.0.mlp.experts.linear_fc2.weight5', 
'decoder.layers.0.mlp.experts.linear_fc2.weight6', 
'decoder.layers.0.mlp.experts.linear_fc2.weight7', 
'decoder.layers.0.mlp.shared_experts.linear_fc1.weight', 
'decoder.layers.0.mlp.shared_experts.linear_fc2.weight', 
'decoder.layers.1.self_attention.linear_proj.weight', 
'decoder.layers.1.self_attention.linear_q_down_proj.weight', 
'decoder.layers.1.self_attention.linear_q_up_proj.layer_norm_weight', 
'decoder.layers.1.self_attention.linear_q_up_proj.weight', 
'decoder.layers.1.self_attention.linear_kv_down_proj.weight', 
'decoder.layers.1.self_attention.linear_kv_up_proj.layer_norm_weight', 
'decoder.layers.1.self_attention.linear_kv_up_proj.weight', 
'decoder.layers.1.mlp.router.weight', 
'decoder.layers.1.mlp.router.expert_bias', 
'decoder.layers.1.mlp.experts.linear_fc1.weight0', 
'decoder.layers.1.mlp.experts.linear_fc1.weight1', 
'decoder.layers.1.mlp.experts.linear_fc1.weight2', 
'decoder.layers.1.mlp.experts.linear_fc1.weight3', 
'decoder.layers.1.mlp.experts.linear_fc1.weight4', 
'decoder.layers.1.mlp.experts.linear_fc1.weight5', 
'decoder.layers.1.mlp.experts.linear_fc1.weight6', 
'decoder.layers.1.mlp.experts.linear_fc1.weight7', 
'decoder.layers.1.mlp.experts.linear_fc2.weight0', 
'decoder.layers.1.mlp.experts.linear_fc2.weight1', 
'decoder.layers.1.mlp.experts.linear_fc2.weight2', 
'decoder.layers.1.mlp.experts.linear_fc2.weight3', 
'decoder.layers.1.mlp.experts.linear_fc2.weight4', 
'decoder.layers.1.mlp.experts.linear_fc2.weight5', 
'decoder.layers.1.mlp.experts.linear_fc2.weight6', 
'decoder.layers.1.mlp.experts.linear_fc2.weight7', 
'decoder.layers.1.mlp.shared_experts.linear_fc1.weight', 
'decoder.layers.1.mlp.shared_experts.linear_fc2.weight', 
'decoder.layers.2.self_attention.linear_proj.weight', 
'decoder.layers.2.self_attention.linear_q_down_proj.weight', 
'decoder.layers.2.self_attention.linear_q_up_proj.layer_norm_weight', 
'decoder.layers.2.self_attention.linear_q_up_proj.weight', 
'decoder.layers.2.self_attention.linear_kv_down_proj.weight', 
'decoder.layers.2.self_attention.linear_kv_up_proj.layer_norm_weight', 
'decoder.layers.2.self_attention.linear_kv_up_proj.weight', 
'decoder.layers.2.mlp.router.weight', 
'decoder.layers.2.mlp.router.expert_bias', 
'decoder.layers.2.mlp.experts.linear_fc1.weight0', 
'decoder.layers.2.mlp.experts.linear_fc1.weight1', 
'decoder.layers.2.mlp.experts.linear_fc1.weight2', 
'decoder.layers.2.mlp.experts.linear_fc1.weight3', 
'decoder.layers.2.mlp.experts.linear_fc1.weight4', 
'decoder.layers.2.mlp.experts.linear_fc1.weight5', 
'decoder.layers.2.mlp.experts.linear_fc1.weight6', 
'decoder.layers.2.mlp.experts.linear_fc1.weight7', 
'decoder.layers.2.mlp.experts.linear_fc2.weight0', 
'decoder.layers.2.mlp.experts.linear_fc2.weight1', 
'decoder.layers.2.mlp.experts.linear_fc2.weight2', 
'decoder.layers.2.mlp.experts.linear_fc2.weight3', 
'decoder.layers.2.mlp.experts.linear_fc2.weight4', 
'decoder.layers.2.mlp.experts.linear_fc2.weight5', 
'decoder.layers.2.mlp.experts.linear_fc2.weight6', 
'decoder.layers.2.mlp.experts.linear_fc2.weight7', 
'decoder.layers.2.mlp.shared_experts.linear_fc1.weight', 
'decoder.layers.2.mlp.shared_experts.linear_fc2.weight', 
'decoder.layers.3.self_attention.linear_proj.weight', 
'decoder.layers.3.self_attention.linear_q_down_proj.weight', 
'decoder.layers.3.self_attention.linear_q_up_proj.layer_norm_weight', 
'decoder.layers.3.self_attention.linear_q_up_proj.weight', 
'decoder.layers.3.self_attention.linear_kv_down_proj.weight', 
'decoder.layers.3.self_attention.linear_kv_up_proj.layer_norm_weight', 
'decoder.layers.3.self_attention.linear_kv_up_proj.weight', 
'decoder.layers.3.mlp.router.weight', 
'decoder.layers.3.mlp.router.expert_bias', 
'decoder.layers.3.mlp.experts.linear_fc1.weight0', 
'decoder.layers.3.mlp.experts.linear_fc1.weight1', 
'decoder.layers.3.mlp.experts.linear_fc1.weight2', 
'decoder.layers.3.mlp.experts.linear_fc1.weight3', 
'decoder.layers.3.mlp.experts.linear_fc1.weight4', 
'decoder.layers.3.mlp.experts.linear_fc1.weight5', 
'decoder.layers.3.mlp.experts.linear_fc1.weight6', 
'decoder.layers.3.mlp.experts.linear_fc1.weight7', 
'decoder.layers.3.mlp.experts.linear_fc2.weight0', 
'decoder.layers.3.mlp.experts.linear_fc2.weight1', 
'decoder.layers.3.mlp.experts.linear_fc2.weight2', 
'decoder.layers.3.mlp.experts.linear_fc2.weight3', 
'decoder.layers.3.mlp.experts.linear_fc2.weight4', 
'decoder.layers.3.mlp.experts.linear_fc2.weight5', 
'decoder.layers.3.mlp.experts.linear_fc2.weight6', 
'decoder.layers.3.mlp.experts.linear_fc2.weight7', 
'decoder.layers.3.mlp.shared_experts.linear_fc1.weight', 
'decoder.layers.3.mlp.shared_experts.linear_fc2.weight', 
'decoder.layers.4.self_attention.linear_proj.weight', 
'decoder.layers.4.self_attention.linear_q_down_proj.weight', 
'decoder.layers.4.self_attention.linear_q_up_proj.layer_norm_weight', 
'decoder.layers.4.self_attention.linear_q_up_proj.weight', 
'decoder.layers.4.self_attention.linear_kv_down_proj.weight', 
'decoder.layers.4.self_attention.linear_kv_up_proj.layer_norm_weight', 
'decoder.layers.4.self_attention.linear_kv_up_proj.weight', 
'decoder.layers.4.mlp.router.weight', 
'decoder.layers.4.mlp.router.expert_bias', 
'decoder.layers.4.mlp.experts.linear_fc1.weight0', 
'decoder.layers.4.mlp.experts.linear_fc1.weight1', 
'decoder.layers.4.mlp.experts.linear_fc1.weight2', 
'decoder.layers.4.mlp.experts.linear_fc1.weight3', 
'decoder.layers.4.mlp.experts.linear_fc1.weight4', 
'decoder.layers.4.mlp.experts.linear_fc1.weight5', 
'decoder.layers.4.mlp.experts.linear_fc1.weight6', 
'decoder.layers.4.mlp.experts.linear_fc1.weight7', 
'decoder.layers.4.mlp.experts.linear_fc2.weight0', 
'decoder.layers.4.mlp.experts.linear_fc2.weight1', 
'decoder.layers.4.mlp.experts.linear_fc2.weight2', 
'decoder.layers.4.mlp.experts.linear_fc2.weight3', 
'decoder.layers.4.mlp.experts.linear_fc2.weight4', 
'decoder.layers.4.mlp.experts.linear_fc2.weight5', 
'decoder.layers.4.mlp.experts.linear_fc2.weight6', 
'decoder.layers.4.mlp.experts.linear_fc2.weight7', 
'decoder.layers.4.mlp.shared_experts.linear_fc1.weight', 
'decoder.layers.4.mlp.shared_experts.linear_fc2.weight', 
'decoder.layers.5.self_attention.linear_proj.weight', 
'decoder.layers.5.self_attention.linear_q_down_proj.weight', 
'decoder.layers.5.self_attention.linear_q_up_proj.layer_norm_weight', 
'decoder.layers.5.self_attention.linear_q_up_proj.weight', 
'decoder.layers.5.self_attention.linear_kv_down_proj.weight', 
'decoder.layers.5.self_attention.linear_kv_up_proj.layer_norm_weight', 
'decoder.layers.5.self_attention.linear_kv_up_proj.weight', 
'decoder.layers.5.mlp.router.weight', 
'decoder.layers.5.mlp.router.expert_bias', 
'decoder.layers.5.mlp.experts.linear_fc1.weight0', 
'decoder.layers.5.mlp.experts.linear_fc1.weight1', 
'decoder.layers.5.mlp.experts.linear_fc1.weight2', 
'decoder.layers.5.mlp.experts.linear_fc1.weight3', 
'decoder.layers.5.mlp.experts.linear_fc1.weight4', 
'decoder.layers.5.mlp.experts.linear_fc1.weight5', 
'decoder.layers.5.mlp.experts.linear_fc1.weight6', 
'decoder.layers.5.mlp.experts.linear_fc1.weight7', 
'decoder.layers.5.mlp.experts.linear_fc2.weight0', 
'decoder.layers.5.mlp.experts.linear_fc2.weight1', 
'decoder.layers.5.mlp.experts.linear_fc2.weight2', 
'decoder.layers.5.mlp.experts.linear_fc2.weight3', 
'decoder.layers.5.mlp.experts.linear_fc2.weight4', 
'decoder.layers.5.mlp.experts.linear_fc2.weight5', 
'decoder.layers.5.mlp.experts.linear_fc2.weight6', 
'decoder.layers.5.mlp.experts.linear_fc2.weight7', 
'decoder.layers.5.mlp.shared_experts.linear_fc1.weight', 
'decoder.layers.5.mlp.shared_experts.linear_fc2.weight', 
'decoder.layers.6.self_attention.linear_proj.weight', 
'decoder.layers.6.self_attention.linear_q_down_proj.weight', 
'decoder.layers.6.self_attention.linear_q_up_proj.layer_norm_weight', 
'decoder.layers.6.self_attention.linear_q_up_proj.weight', 
'decoder.layers.6.self_attention.linear_kv_down_proj.weight', 
'decoder.layers.6.self_attention.linear_kv_up_proj.layer_norm_weight', 
'decoder.layers.6.self_attention.linear_kv_up_proj.weight', 
'decoder.layers.6.mlp.router.weight', 
'decoder.layers.6.mlp.router.expert_bias', 
'decoder.layers.6.mlp.experts.linear_fc1.weight0', 
'decoder.layers.6.mlp.experts.linear_fc1.weight1', 
'decoder.layers.6.mlp.experts.linear_fc1.weight2', 
'decoder.layers.6.mlp.experts.linear_fc1.weight3', 
'decoder.layers.6.mlp.experts.linear_fc1.weight4', 
'decoder.layers.6.mlp.experts.linear_fc1.weight5', 
'decoder.layers.6.mlp.experts.linear_fc1.weight6', 
'decoder.layers.6.mlp.experts.linear_fc1.weight7', 
'decoder.layers.6.mlp.experts.linear_fc2.weight0', 
'decoder.layers.6.mlp.experts.linear_fc2.weight1', 
'decoder.layers.6.mlp.experts.linear_fc2.weight2', 
'decoder.layers.6.mlp.experts.linear_fc2.weight3', 
'decoder.layers.6.mlp.experts.linear_fc2.weight4', 
'decoder.layers.6.mlp.experts.linear_fc2.weight5', 
'decoder.layers.6.mlp.experts.linear_fc2.weight6', 
'decoder.layers.6.mlp.experts.linear_fc2.weight7', 
'decoder.layers.6.mlp.shared_experts.linear_fc1.weight', 
'decoder.layers.6.mlp.shared_experts.linear_fc2.weight', 
'decoder.layers.7.self_attention.linear_proj.weight', 
'decoder.layers.7.self_attention.linear_q_down_proj.weight', 
'decoder.layers.7.self_attention.linear_q_up_proj.layer_norm_weight', 
'decoder.layers.7.self_attention.linear_q_up_proj.weight', 
'decoder.layers.7.self_attention.linear_kv_down_proj.weight', 
'decoder.layers.7.self_attention.linear_kv_up_proj.layer_norm_weight', 
'decoder.layers.7.self_attention.linear_kv_up_proj.weight', 
'decoder.layers.7.pre_mlp_layernorm.weight', 
'decoder.layers.7.mlp.router.weight', 
'decoder.layers.7.mlp.router.expert_bias', 
'decoder.layers.7.mlp.experts.linear_fc1.weight0', 
'decoder.layers.7.mlp.experts.linear_fc1.weight1', 
'decoder.layers.7.mlp.experts.linear_fc1.weight2', 
'decoder.layers.7.mlp.experts.linear_fc1.weight3', 
'decoder.layers.7.mlp.experts.linear_fc1.weight4', 
'decoder.layers.7.mlp.experts.linear_fc1.weight5', 
'decoder.layers.7.mlp.experts.linear_fc1.weight6', 
'decoder.layers.7.mlp.experts.linear_fc1.weight7', 
'decoder.layers.7.mlp.experts.linear_fc2.weight0', 
'decoder.layers.7.mlp.experts.linear_fc2.weight1', 
'decoder.layers.7.mlp.experts.linear_fc2.weight2', 
'decoder.layers.7.mlp.experts.linear_fc2.weight3', 
'decoder.layers.7.mlp.experts.linear_fc2.weight4', 
'decoder.layers.7.mlp.experts.linear_fc2.weight5', 
'decoder.layers.7.mlp.experts.linear_fc2.weight6', 
'decoder.layers.7.mlp.experts.linear_fc2.weight7', 
'decoder.layers.7.mlp.shared_experts.linear_fc1.weight', 
'decoder.layers.7.mlp.shared_experts.linear_fc2.weight']
(WorkerDict pid=704, 
ip=10.127.40.26) ret:{'decoder.layers.0.self_attention.linear_proj.weight': 'decoder.layers.30.self_attention.linear_proj.weight', 
'decoder.layers.0.self_attention.linear_q_down_proj.weight': 'decoder.layers.30.self_attention.linear_q_down_proj.weight', 
'decoder.layers.0.self_attention.linear_q_up_proj.layer_norm_weight': 'decoder.layers.30.self_attention.linear_q_up_proj.layer_norm_weight', 
'decoder.layers.0.self_attention.linear_q_up_proj.weight': 'decoder.layers.30.self_attention.linear_q_up_proj.weight', 
'decoder.layers.0.self_attention.linear_kv_down_proj.weight': 'decoder.layers.30.self_attention.linear_kv_down_proj.weight', 
'decoder.layers.0.self_attention.linear_kv_up_proj.layer_norm_weight': 'decoder.layers.30.self_attention.linear_kv_up_proj.layer_norm_weight', 
'decoder.layers.0.self_attention.linear_kv_up_proj.weight': 'decoder.layers.30.self_attention.linear_kv_up_proj.weight', 
'decoder.layers.0.mlp.router.weight': 'decoder.layers.30.mlp.router.weight', 
'decoder.layers.0.mlp.router.expert_bias': 'decoder.layers.30.mlp.router.expert_bias', 
'decoder.layers.0.mlp.experts.linear_fc1.weight0': 'decoder.layers.30.mlp.experts.linear_fc1.weight0', 
'decoder.layers.0.mlp.experts.linear_fc1.weight1': 'decoder.layers.30.mlp.experts.linear_fc1.weight1', 
'decoder.layers.0.mlp.experts.linear_fc1.weight2': 'decoder.layers.30.mlp.experts.linear_fc1.weight2', 
'decoder.layers.0.mlp.experts.linear_fc1.weight3': 'decoder.layers.30.mlp.experts.linear_fc1.weight3', 
'decoder.layers.0.mlp.experts.linear_fc1.weight4': 'decoder.layers.30.mlp.experts.linear_fc1.weight4', 
'decoder.layers.0.mlp.experts.linear_fc1.weight5': 'decoder.layers.30.mlp.experts.linear_fc1.weight5', 
'decoder.layers.0.mlp.experts.linear_fc1.weight6': 'decoder.layers.30.mlp.experts.linear_fc1.weight6', 
'decoder.layers.0.mlp.experts.linear_fc1.weight7': 'decoder.layers.30.mlp.experts.linear_fc1.weight7', 
'decoder.layers.0.mlp.experts.linear_fc2.weight0': 'decoder.layers.30.mlp.experts.linear_fc2.weight0', 
'decoder.layers.0.mlp.experts.linear_fc2.weight1': 'decoder.layers.30.mlp.experts.linear_fc2.weight1', 
'decoder.layers.0.mlp.experts.linear_fc2.weight2': 'decoder.layers.30.mlp.experts.linear_fc2.weight2', 
'decoder.layers.0.mlp.experts.linear_fc2.weight3': 'decoder.layers.30.mlp.experts.linear_fc2.weight3', 
'decoder.layers.0.mlp.experts.linear_fc2.weight4': 'decoder.layers.30.mlp.experts.linear_fc2.weight4', 
'decoder.layers.0.mlp.experts.linear_fc2.weight5': 'decoder.layers.30.mlp.experts.linear_fc2.weight5', 
'decoder.layers.0.mlp.experts.linear_fc2.weight6': 'decoder.layers.30.mlp.experts.linear_fc2.weight6', 
'decoder.layers.0.mlp.experts.linear_fc2.weight7': 'decoder.layers.30.mlp.experts.linear_fc2.weight7', 
'decoder.layers.0.mlp.shared_experts.linear_fc1.weight': 'decoder.layers.30.mlp.shared_experts.linear_fc1.weight', 
'decoder.layers.0.mlp.shared_experts.linear_fc2.weight': 'decoder.layers.30.mlp.shared_experts.linear_fc2.weight', 
'decoder.layers.1.self_attention.linear_proj.weight': 'decoder.layers.31.self_attention.linear_proj.weight', 
'decoder.layers.1.self_attention.linear_q_down_proj.weight': 'decoder.layers.31.self_attention.linear_q_down_proj.weight', 
'decoder.layers.1.self_attention.linear_q_up_proj.layer_norm_weight': 'decoder.layers.31.self_attention.linear_q_up_proj.layer_norm_weight', 
'decoder.layers.1.self_attention.linear_q_up_proj.weight': 'decoder.layers.31.self_attention.linear_q_up_proj.weight', 
'decoder.layers.1.self_attention.linear_kv_down_proj.weight': 'decoder.layers.31.self_attention.linear_kv_down_proj.weight', 
'decoder.layers.1.self_attention.linear_kv_up_proj.layer_norm_weight': 'decoder.layers.31.self_attention.linear_kv_up_proj.layer_norm_weight', 
'decoder.layers.1.self_attention.linear_kv_up_proj.weight': 'decoder.layers.31.self_attention.linear_kv_up_proj.weight', 
'decoder.layers.1.mlp.router.weight': 'decoder.layers.31.mlp.router.weight', 
'decoder.layers.1.mlp.router.expert_bias': 'decoder.layers.31.mlp.router.expert_bias', 
'decoder.layers.1.mlp.experts.linear_fc1.weight0': 'decoder.layers.31.mlp.experts.linear_fc1.weight0', 
'decoder.layers.1.mlp.experts.linear_fc1.weight1': 'decoder.layers.31.mlp.experts.linear_fc1.weight1', 
'decoder.layers.1.mlp.experts.linear_fc1.weight2': 'decoder.layers.31.mlp.experts.linear_fc1.weight2', 
'decoder.layers.1.mlp.experts.linear_fc1.weight3': 'decoder.layers.31.mlp.experts.linear_fc1.weight3', 
'decoder.layers.1.mlp.experts.linear_fc1.weight4': 'decoder.layers.31.mlp.experts.linear_fc1.weight4', 
'decoder.layers.1.mlp.experts.linear_fc1.weight5': 'decoder.layers.31.mlp.experts.linear_fc1.weight5', 
'decoder.layers.1.mlp.experts.linear_fc1.weight6': 'decoder.layers.31.mlp.experts.linear_fc1.weight6', 
'decoder.layers.1.mlp.experts.linear_fc1.weight7': 'decoder.layers.31.mlp.experts.linear_fc1.weight7', 
'decoder.layers.1.mlp.experts.linear_fc2.weight0': 'decoder.layers.31.mlp.experts.linear_fc2.weight0', 
'decoder.layers.1.mlp.experts.linear_fc2.weight1': 'decoder.layers.31.mlp.experts.linear_fc2.weight1', 
'decoder.layers.1.mlp.experts.linear_fc2.weight2': 'decoder.layers.31.mlp.experts.linear_fc2.weight2', 
'decoder.layers.1.mlp.experts.linear_fc2.weight3': 'decoder.layers.31.mlp.experts.linear_fc2.weight3', 
'decoder.layers.1.mlp.experts.linear_fc2.weight4': 'decoder.layers.31.mlp.experts.linear_fc2.weight4', 
'decoder.layers.1.mlp.experts.linear_fc2.weight5': 'decoder.layers.31.mlp.experts.linear_fc2.weight5', 
'decoder.layers.1.mlp.experts.linear_fc2.weight6': 'decoder.layers.31.mlp.experts.linear_fc2.weight6', 
'decoder.layers.1.mlp.experts.linear_fc2.weight7': 'decoder.layers.31.mlp.experts.linear_fc2.weight7', 
'decoder.layers.1.mlp.shared_experts.linear_fc1.weight': 'decoder.layers.31.mlp.shared_experts.linear_fc1.weight', 
'decoder.layers.1.mlp.shared_experts.linear_fc2.weight': 'decoder.layers.31.mlp.shared_experts.linear_fc2.weight', 
'decoder.layers.2.self_attention.linear_proj.weight': 'decoder.layers.32.self_attention.linear_proj.weight', 
'decoder.layers.2.self_attention.linear_q_down_proj.weight': 'decoder.layers.32.self_attention.linear_q_down_proj.weight', 
'decoder.layers.2.self_attention.linear_q_up_proj.layer_norm_weight': 'decoder.layers.32.self_attention.linear_q_up_proj.layer_norm_weight', 
'decoder.layers.2.self_attention.linear_q_up_proj.weight': 'decoder.layers.32.self_attention.linear_q_up_proj.weight', 
'decoder.layers.2.self_attention.linear_kv_down_proj.weight': 'decoder.layers.32.self_attention.linear_kv_down_proj.weight', 
'decoder.layers.2.self_attention.linear_kv_up_proj.layer_norm_weight': 'decoder.layers.32.self_attention.linear_kv_up_proj.layer_norm_weight', 
'decoder.layers.2.self_attention.linear_kv_up_proj.weight': 'decoder.layers.32.self_attention.linear_kv_up_proj.weight', 
'decoder.layers.2.mlp.router.weight': 'decoder.layers.32.mlp.router.weight', 
'decoder.layers.2.mlp.router.expert_bias': 'decoder.layers.32.mlp.router.expert_bias', 
'decoder.layers.2.mlp.experts.linear_fc1.weight0': 'decoder.layers.32.mlp.experts.linear_fc1.weight0', 
'decoder.layers.2.mlp.experts.linear_fc1.weight1': 'decoder.layers.32.mlp.experts.linear_fc1.weight1', 
'decoder.layers.2.mlp.experts.linear_fc1.weight2': 'decoder.layers.32.mlp.experts.linear_fc1.weight2', 
'decoder.layers.2.mlp.experts.linear_fc1.weight3': 'decoder.layers.32.mlp.experts.linear_fc1.weight3', 
'decoder.layers.2.mlp.experts.linear_fc1.weight4': 'decoder.layers.32.mlp.experts.linear_fc1.weight4', 
'decoder.layers.2.mlp.experts.linear_fc1.weight5': 'decoder.layers.32.mlp.experts.linear_fc1.weight5', 
'decoder.layers.2.mlp.experts.linear_fc1.weight6': 'decoder.layers.32.mlp.experts.linear_fc1.weight6', 
'decoder.layers.2.mlp.experts.linear_fc1.weight7': 'decoder.layers.32.mlp.experts.linear_fc1.weight7', 
'decoder.layers.2.mlp.experts.linear_fc2.weight0': 'decoder.layers.32.mlp.experts.linear_fc2.weight0', 
'decoder.layers.2.mlp.experts.linear_fc2.weight1': 'decoder.layers.32.mlp.experts.linear_fc2.weight1', 
'decoder.layers.2.mlp.experts.linear_fc2.weight2': 'decoder.layers.32.mlp.experts.linear_fc2.weight2', 
'decoder.layers.2.mlp.experts.linear_fc2.weight3': 'decoder.layers.32.mlp.experts.linear_fc2.weight3', 
'decoder.layers.2.mlp.experts.linear_fc2.weight4': 'decoder.layers.32.mlp.experts.linear_fc2.weight4', 
'decoder.layers.2.mlp.experts.linear_fc2.weight5': 'decoder.layers.32.mlp.experts.linear_fc2.weight5', 
'decoder.layers.2.mlp.experts.linear_fc2.weight6': 'decoder.layers.32.mlp.experts.linear_fc2.weight6', 
'decoder.layers.2.mlp.experts.linear_fc2.weight7': 'decoder.layers.32.mlp.experts.linear_fc2.weight7', 
'decoder.layers.2.mlp.shared_experts.linear_fc1.weight': 'decoder.layers.32.mlp.shared_experts.linear_fc1.weight', 
'decoder.layers.2.mlp.shared_experts.linear_fc2.weight': 'decoder.layers.32.mlp.shared_experts.linear_fc2.weight', 
'decoder.layers.3.self_attention.linear_proj.weight': 'decoder.layers.33.self_attention.linear_proj.weight', 
'decoder.layers.3.self_attention.linear_q_down_proj.weight': 'decoder.layers.33.self_attention.linear_q_down_proj.weight', 
'decoder.layers.3.self_attention.linear_q_up_proj.layer_norm_weight': 'decoder.layers.33.self_attention.linear_q_up_proj.layer_norm_weight', 
'decoder.layers.3.self_attention.linear_q_up_proj.weight': 'decoder.layers.33.self_attention.linear_q_up_proj.weight', 
'decoder.layers.3.self_attention.linear_kv_down_proj.weight': 'decoder.layers.33.self_attention.linear_kv_down_proj.weight', 
'decoder.layers.3.self_attention.linear_kv_up_proj.layer_norm_weight': 'decoder.layers.33.self_attention.linear_kv_up_proj.layer_norm_weight', 
'decoder.layers.3.self_attention.linear_kv_up_proj.weight': 'decoder.layers.33.self_attention.linear_kv_up_proj.weight', 
'decoder.layers.3.mlp.router.weight': 'decoder.layers.33.mlp.router.weight', 
'decoder.layers.3.mlp.router.expert_bias': 'decoder.layers.33.mlp.router.expert_bias', 
'decoder.layers.3.mlp.experts.linear_fc1.weight0': 'decoder.layers.33.mlp.experts.linear_fc1.weight0', 
'decoder.layers.3.mlp.experts.linear_fc1.weight1': 'decoder.layers.33.mlp.experts.linear_fc1.weight1', 
'decoder.layers.3.mlp.experts.linear_fc1.weight2': 'decoder.layers.33.mlp.experts.linear_fc1.weight2', 
'decoder.layers.3.mlp.experts.linear_fc1.weight3': 'decoder.layers.33.mlp.experts.linear_fc1.weight3', 
'decoder.layers.3.mlp.experts.linear_fc1.weight4': 'decoder.layers.33.mlp.experts.linear_fc1.weight4', 
'decoder.layers.3.mlp.experts.linear_fc1.weight5': 'decoder.layers.33.mlp.experts.linear_fc1.weight5', 
'decoder.layers.3.mlp.experts.linear_fc1.weight6': 'decoder.layers.33.mlp.experts.linear_fc1.weight6', 
'decoder.layers.3.mlp.experts.linear_fc1.weight7': 'decoder.layers.33.mlp.experts.linear_fc1.weight7', 
'decoder.layers.3.mlp.experts.linear_fc2.weight0': 'decoder.layers.33.mlp.experts.linear_fc2.weight0', 
'decoder.layers.3.mlp.experts.linear_fc2.weight1': 'decoder.layers.33.mlp.experts.linear_fc2.weight1', 
'decoder.layers.3.mlp.experts.linear_fc2.weight2': 'decoder.layers.33.mlp.experts.linear_fc2.weight2', 
'decoder.layers.3.mlp.experts.linear_fc2.weight3': 'decoder.layers.33.mlp.experts.linear_fc2.weight3', 
'decoder.layers.3.mlp.experts.linear_fc2.weight4': 'decoder.layers.33.mlp.experts.linear_fc2.weight4', 
'decoder.layers.3.mlp.experts.linear_fc2.weight5': 'decoder.layers.33.mlp.experts.linear_fc2.weight5', 
'decoder.layers.3.mlp.experts.linear_fc2.weight6': 'decoder.layers.33.mlp.experts.linear_fc2.weight6', 
'decoder.layers.3.mlp.experts.linear_fc2.weight7': 'decoder.layers.33.mlp.experts.linear_fc2.weight7', 
'decoder.layers.3.mlp.shared_experts.linear_fc1.weight': 'decoder.layers.33.mlp.shared_experts.linear_fc1.weight', 
'decoder.layers.3.mlp.shared_experts.linear_fc2.weight': 'decoder.layers.33.mlp.shared_experts.linear_fc2.weight', 
'decoder.layers.4.self_attention.linear_proj.weight': 'decoder.layers.34.self_attention.linear_proj.weight', 
'decoder.layers.4.self_attention.linear_q_down_proj.weight': 'decoder.layers.34.self_attention.linear_q_down_proj.weight', 
'decoder.layers.4.self_attention.linear_q_up_proj.layer_norm_weight': 'decoder.layers.34.self_attention.linear_q_up_proj.layer_norm_weight', 
'decoder.layers.4.self_attention.linear_q_up_proj.weight': 'decoder.layers.34.self_attention.linear_q_up_proj.weight', 
'decoder.layers.4.self_attention.linear_kv_down_proj.weight': 'decoder.layers.34.self_attention.linear_kv_down_proj.weight', 
'decoder.layers.4.self_attention.linear_kv_up_proj.layer_norm_weight': 'decoder.layers.34.self_attention.linear_kv_up_proj.layer_norm_weight', 
'decoder.layers.4.self_attention.linear_kv_up_proj.weight': 'decoder.layers.34.self_attention.linear_kv_up_proj.weight', 
'decoder.layers.4.mlp.router.weight': 'decoder.layers.34.mlp.router.weight', 
'decoder.layers.4.mlp.router.expert_bias': 'decoder.layers.34.mlp.router.expert_bias', 
'decoder.layers.4.mlp.experts.linear_fc1.weight0': 'decoder.layers.34.mlp.experts.linear_fc1.weight0', 
'decoder.layers.4.mlp.experts.linear_fc1.weight1': 'decoder.layers.34.mlp.experts.linear_fc1.weight1', 
'decoder.layers.4.mlp.experts.linear_fc1.weight2': 'decoder.layers.34.mlp.experts.linear_fc1.weight2', 
'decoder.layers.4.mlp.experts.linear_fc1.weight3': 'decoder.layers.34.mlp.experts.linear_fc1.weight3', 
'decoder.layers.4.mlp.experts.linear_fc1.weight4': 'decoder.layers.34.mlp.experts.linear_fc1.weight4', 
'decoder.layers.4.mlp.experts.linear_fc1.weight5': 'decoder.layers.34.mlp.experts.linear_fc1.weight5', 
'decoder.layers.4.mlp.experts.linear_fc1.weight6': 'decoder.layers.34.mlp.experts.linear_fc1.weight6', 
'decoder.layers.4.mlp.experts.linear_fc1.weight7': 'decoder.layers.34.mlp.experts.linear_fc1.weight7', 
'decoder.layers.4.mlp.experts.linear_fc2.weight0': 'decoder.layers.34.mlp.experts.linear_fc2.weight0', 
'decoder.layers.4.mlp.experts.linear_fc2.weight1': 'decoder.layers.34.mlp.experts.linear_fc2.weight1', 
'decoder.layers.4.mlp.experts.linear_fc2.weight2': 'decoder.layers.34.mlp.experts.linear_fc2.weight2', 
'decoder.layers.4.mlp.experts.linear_fc2.weight3': 'decoder.layers.34.mlp.experts.linear_fc2.weight3', 
'decoder.layers.4.mlp.experts.linear_fc2.weight4': 'decoder.layers.34.mlp.experts.linear_fc2.weight4', 
'decoder.layers.4.mlp.experts.linear_fc2.weight5': 'decoder.layers.34.mlp.experts.linear_fc2.weight5', 
'decoder.layers.4.mlp.experts.linear_fc2.weight6': 'decoder.layers.34.mlp.experts.linear_fc2.weight6', 
'decoder.layers.4.mlp.experts.linear_fc2.weight7': 'decoder.layers.34.mlp.experts.linear_fc2.weight7', 
'decoder.layers.4.mlp.shared_experts.linear_fc1.weight': 'decoder.layers.34.mlp.shared_experts.linear_fc1.weight', 
'decoder.layers.4.mlp.shared_experts.linear_fc2.weight': 'decoder.layers.34.mlp.shared_experts.linear_fc2.weight', 
'decoder.layers.5.self_attention.linear_proj.weight': 'decoder.layers.35.self_attention.linear_proj.weight', 
'decoder.layers.5.self_attention.linear_q_down_proj.weight': 'decoder.layers.35.self_attention.linear_q_down_proj.weight', 
'decoder.layers.5.self_attention.linear_q_up_proj.layer_norm_weight': 'decoder.layers.35.self_attention.linear_q_up_proj.layer_norm_weight', 
'decoder.layers.5.self_attention.linear_q_up_proj.weight': 'decoder.layers.35.self_attention.linear_q_up_proj.weight', 
'decoder.layers.5.self_attention.linear_kv_down_proj.weight': 'decoder.layers.35.self_attention.linear_kv_down_proj.weight', 
'decoder.layers.5.self_attention.linear_kv_up_proj.layer_norm_weight': 'decoder.layers.35.self_attention.linear_kv_up_proj.layer_norm_weight', 
'decoder.layers.5.self_attention.linear_kv_up_proj.weight': 'decoder.layers.35.self_attention.linear_kv_up_proj.weight', 
'decoder.layers.5.mlp.router.weight': 'decoder.layers.35.mlp.router.weight', 
'decoder.layers.5.mlp.router.expert_bias': 'decoder.layers.35.mlp.router.expert_bias', 
'decoder.layers.5.mlp.experts.linear_fc1.weight0': 'decoder.layers.35.mlp.experts.linear_fc1.weight0', 
'decoder.layers.5.mlp.experts.linear_fc1.weight1': 'decoder.layers.35.mlp.experts.linear_fc1.weight1', 
'decoder.layers.5.mlp.experts.linear_fc1.weight2': 'decoder.layers.35.mlp.experts.linear_fc1.weight2', 
'decoder.layers.5.mlp.experts.linear_fc1.weight3': 'decoder.layers.35.mlp.experts.linear_fc1.weight3', 
'decoder.layers.5.mlp.experts.linear_fc1.weight4': 'decoder.layers.35.mlp.experts.linear_fc1.weight4', 
'decoder.layers.5.mlp.experts.linear_fc1.weight5': 'decoder.layers.35.mlp.experts.linear_fc1.weight5', 
'decoder.layers.5.mlp.experts.linear_fc1.weight6': 'decoder.layers.35.mlp.experts.linear_fc1.weight6', 
'decoder.layers.5.mlp.experts.linear_fc1.weight7': 'decoder.layers.35.mlp.experts.linear_fc1.weight7', 
'decoder.layers.5.mlp.experts.linear_fc2.weight0': 'decoder.layers.35.mlp.experts.linear_fc2.weight0', 
'decoder.layers.5.mlp.experts.linear_fc2.weight1': 'decoder.layers.35.mlp.experts.linear_fc2.weight1', 
'decoder.layers.5.mlp.experts.linear_fc2.weight2': 'decoder.layers.35.mlp.experts.linear_fc2.weight2', 
'decoder.layers.5.mlp.experts.linear_fc2.weight3': 'decoder.layers.35.mlp.experts.linear_fc2.weight3', 
'decoder.layers.5.mlp.experts.linear_fc2.weight4': 'decoder.layers.35.mlp.experts.linear_fc2.weight4', 
'decoder.layers.5.mlp.experts.linear_fc2.weight5': 'decoder.layers.35.mlp.experts.linear_fc2.weight5', 
'decoder.layers.5.mlp.experts.linear_fc2.weight6': 'decoder.layers.35.mlp.experts.linear_fc2.weight6', 
'decoder.layers.5.mlp.experts.linear_fc2.weight7': 'decoder.layers.35.mlp.experts.linear_fc2.weight7', 
'decoder.layers.5.mlp.shared_experts.linear_fc1.weight': 'decoder.layers.35.mlp.shared_experts.linear_fc1.weight', 
'decoder.layers.5.mlp.shared_experts.linear_fc2.weight': 'decoder.layers.35.mlp.shared_experts.linear_fc2.weight', 
'decoder.layers.6.self_attention.linear_proj.weight': 'decoder.layers.36.self_attention.linear_proj.weight', 
'decoder.layers.6.self_attention.linear_q_down_proj.weight': 'decoder.layers.36.self_attention.linear_q_down_proj.weight', 
'decoder.layers.6.self_attention.linear_q_up_proj.layer_norm_weight': 'decoder.layers.36.self_attention.linear_q_up_proj.layer_norm_weight', 
'decoder.layers.6.self_attention.linear_q_up_proj.weight': 'decoder.layers.36.self_attention.linear_q_up_proj.weight', 
'decoder.layers.6.self_attention.linear_kv_down_proj.weight': 'decoder.layers.36.self_attention.linear_kv_down_proj.weight', 
'decoder.layers.6.self_attention.linear_kv_up_proj.layer_norm_weight': 'decoder.layers.36.self_attention.linear_kv_up_proj.layer_norm_weight', 
'decoder.layers.6.self_attention.linear_kv_up_proj.weight': 'decoder.layers.36.self_attention.linear_kv_up_proj.weight', 
'decoder.layers.6.mlp.router.weight': 'decoder.layers.36.mlp.router.weight', 
'decoder.layers.6.mlp.router.expert_bias': 'decoder.layers.36.mlp.router.expert_bias', 
'decoder.layers.6.mlp.experts.linear_fc1.weight0': 'decoder.layers.36.mlp.experts.linear_fc1.weight0', 
'decoder.layers.6.mlp.experts.linear_fc1.weight1': 'decoder.layers.36.mlp.experts.linear_fc1.weight1', 
'decoder.layers.6.mlp.experts.linear_fc1.weight2': 'decoder.layers.36.mlp.experts.linear_fc1.weight2', 
'decoder.layers.6.mlp.experts.linear_fc1.weight3': 'decoder.layers.36.mlp.experts.linear_fc1.weight3', 
'decoder.layers.6.mlp.experts.linear_fc1.weight4': 'decoder.layers.36.mlp.experts.linear_fc1.weight4', 
'decoder.layers.6.mlp.experts.linear_fc1.weight5': 'decoder.layers.36.mlp.experts.linear_fc1.weight5', 
'decoder.layers.6.mlp.experts.linear_fc1.weight6': 'decoder.layers.36.mlp.experts.linear_fc1.weight6', 
'decoder.layers.6.mlp.experts.linear_fc1.weight7': 'decoder.layers.36.mlp.experts.linear_fc1.weight7', 
'decoder.layers.6.mlp.experts.linear_fc2.weight0': 'decoder.layers.36.mlp.experts.linear_fc2.weight0', 
'decoder.layers.6.mlp.experts.linear_fc2.weight1': 'decoder.layers.36.mlp.experts.linear_fc2.weight1', 
'decoder.layers.6.mlp.experts.linear_fc2.weight2': 'decoder.layers.36.mlp.experts.linear_fc2.weight2', 
'decoder.layers.6.mlp.experts.linear_fc2.weight3': 'decoder.layers.36.mlp.experts.linear_fc2.weight3', 
'decoder.layers.6.mlp.experts.linear_fc2.weight4': 'decoder.layers.36.mlp.experts.linear_fc2.weight4', 
'decoder.layers.6.mlp.experts.linear_fc2.weight5': 'decoder.layers.36.mlp.experts.linear_fc2.weight5', 
'decoder.layers.6.mlp.experts.linear_fc2.weight6': 'decoder.layers.36.mlp.experts.linear_fc2.weight6', 
'decoder.layers.6.mlp.experts.linear_fc2.weight7': 'decoder.layers.36.mlp.experts.linear_fc2.weight7', 
'decoder.layers.6.mlp.shared_experts.linear_fc1.weight': 'decoder.layers.36.mlp.shared_experts.linear_fc1.weight', 
'decoder.layers.6.mlp.shared_experts.linear_fc2.weight': 'decoder.layers.36.mlp.shared_experts.linear_fc2.weight', 
'decoder.layers.7.self_attention.linear_proj.weight': 'decoder.layers.37.self_attention.linear_proj.weight', 
'decoder.layers.7.self_attention.linear_q_down_proj.weight': 'decoder.layers.37.self_attention.linear_q_down_proj.weight', 
'decoder.layers.7.self_attention.linear_q_up_proj.layer_norm_weight': 'decoder.layers.37.self_attention.linear_q_up_proj.layer_norm_weight', 
'decoder.layers.7.self_attention.linear_q_up_proj.weight': 'decoder.layers.37.self_attention.linear_q_up_proj.weight', 
'decoder.layers.7.self_attention.linear_kv_down_proj.weight': 'decoder.layers.37.self_attention.linear_kv_down_proj.weight', 
'decoder.layers.7.self_attention.linear_kv_up_proj.layer_norm_weight': 'decoder.layers.37.self_attention.linear_kv_up_proj.layer_norm_weight', 
'decoder.layers.7.self_attention.linear_kv_up_proj.weight': 'decoder.layers.37.self_attention.linear_kv_up_proj.weight', 
'decoder.layers.7.pre_mlp_layernorm.weight': 'decoder.layers.37.pre_mlp_layernorm.weight', 
'decoder.layers.7.mlp.router.weight': 'decoder.layers.37.mlp.router.weight', 
'decoder.layers.7.mlp.router.expert_bias': 'decoder.layers.37.mlp.router.expert_bias', 
'decoder.layers.7.mlp.experts.linear_fc1.weight0': 'decoder.layers.37.mlp.experts.linear_fc1.weight0', 
'decoder.layers.7.mlp.experts.linear_fc1.weight1': 'decoder.layers.37.mlp.experts.linear_fc1.weight1', 
'decoder.layers.7.mlp.experts.linear_fc1.weight2': 'decoder.layers.37.mlp.experts.linear_fc1.weight2', 
'decoder.layers.7.mlp.experts.linear_fc1.weight3': 'decoder.layers.37.mlp.experts.linear_fc1.weight3', 
'decoder.layers.7.mlp.experts.linear_fc1.weight4': 'decoder.layers.37.mlp.experts.linear_fc1.weight4', 
'decoder.layers.7.mlp.experts.linear_fc1.weight5': 'decoder.layers.37.mlp.experts.linear_fc1.weight5', 
'decoder.layers.7.mlp.experts.linear_fc1.weight6': 'decoder.layers.37.mlp.experts.linear_fc1.weight6', 
'decoder.layers.7.mlp.experts.linear_fc1.weight7': 'decoder.layers.37.mlp.experts.linear_fc1.weight7', 
'decoder.layers.7.mlp.experts.linear_fc2.weight0': 'decoder.layers.37.mlp.experts.linear_fc2.weight0', 
'decoder.layers.7.mlp.experts.linear_fc2.weight1': 'decoder.layers.37.mlp.experts.linear_fc2.weight1', 
'decoder.layers.7.mlp.experts.linear_fc2.weight2': 'decoder.layers.37.mlp.experts.linear_fc2.weight2', 
'decoder.layers.7.mlp.experts.linear_fc2.weight3': 'decoder.layers.37.mlp.experts.linear_fc2.weight3', 
'decoder.layers.7.mlp.experts.linear_fc2.weight4': 'decoder.layers.37.mlp.experts.linear_fc2.weight4', 
'decoder.layers.7.mlp.experts.linear_fc2.weight5': 'decoder.layers.37.mlp.experts.linear_fc2.weight5', 
'decoder.layers.7.mlp.experts.linear_fc2.weight6': 'decoder.layers.37.mlp.experts.linear_fc2.weight6', 
'decoder.layers.7.mlp.experts.linear_fc2.weight7': 'decoder.layers.37.mlp.experts.linear_fc2.weight7', 
'decoder.layers.7.mlp.shared_experts.linear_fc1.weight': 'decoder.layers.37.mlp.shared_experts.linear_fc1.weight', 
'decoder.layers.7.mlp.shared_experts.linear_fc2.weight': 'decoder.layers.37.mlp.shared_experts.linear_fc2.weight'}
